// Jest Snapshot v1, https://goo.gl/fbAQLP

exports[`ListingsScreen snapshot matches 1`] = `
<Screen
  style={
    Object {
      "backgroundColor": "#f8f4f4",
      "padding": 20,
    }
  }
>
  <ActivityIndicator
    visible={true}
  />
  <FlatList
    data={Array []}
    disableVirtualization={false}
    horizontal={false}
    initialNumToRender={10}
    keyExtractor={[Function]}
    maxToRenderPerBatch={10}
    numColumns={1}
    onEndReachedThreshold={2}
    removeClippedSubviews={false}
    renderItem={[Function]}
    scrollEventThrottle={50}
    updateCellsBatchingPeriod={50}
    windowSize={21}
  />
</Screen>
`;
