// Jest Snapshot v1, https://goo.gl/fbAQLP

exports[`ListingDetailsScreen snapshot matches 1`] = `
<View>
  <Image
    source={19}
    style={
      Object {
        "height": 300,
        "width": "100%",
      }
    }
  />
  <View
    style={
      Object {
        "padding": 20,
      }
    }
  >
    <Text
      style={
        Array [
          Object {
            "color": "#0c0c0c",
            "fontFamily": "Avenir",
            "fontSize": 18,
          },
          Object {
            "fontSize": 24,
            "fontWeight": "500",
          },
        ]
      }
    >
      Red jacket for sale
    </Text>
    <Text
      style={
        Array [
          Object {
            "color": "#0c0c0c",
            "fontFamily": "Avenir",
            "fontSize": 18,
          },
          Object {
            "color": "#4ecdc4",
            "fontSize": 20,
            "fontWeight": "bold",
            "marginVertical": 10,
          },
        ]
      }
    >
      100
    </Text>
    <View
      style={
        Object {
          "marginVertical": 40,
        }
      }
    >
      <View>
        <View
          accessible={true}
          focusable={false}
          onClick={[Function]}
          onResponderGrant={[Function]}
          onResponderMove={[Function]}
          onResponderRelease={[Function]}
          onResponderTerminate={[Function]}
          onResponderTerminationRequest={[Function]}
          onStartShouldSetResponder={[Function]}
        >
          <View
            style={
              Object {
                "alignItems": "center",
                "backgroundColor": "#fff",
                "flexDirection": "row",
                "padding": 15,
              }
            }
          >
            <Image
              source={1}
              style={
                Object {
                  "borderRadius": 35,
                  "height": 70,
                  "width": 70,
                }
              }
            />
            <View
              style={
                Object {
                  "flex": 1,
                  "justifyContent": "center",
                  "marginLeft": 10,
                }
              }
            >
              <Text
                numberOfLines={1}
                style={
                  Array [
                    Object {
                      "color": "#0c0c0c",
                      "fontFamily": "Avenir",
                      "fontSize": 18,
                    },
                    Object {
                      "fontWeight": "bold",
                    },
                  ]
                }
              >
                Mosh Hamedani
              </Text>
              <Text
                numberOfLines={2}
                style={
                  Array [
                    Object {
                      "color": "#0c0c0c",
                      "fontFamily": "Avenir",
                      "fontSize": 18,
                    },
                    Object {
                      "color": "#6e6969",
                    },
                  ]
                }
              >
                5 Listings
              </Text>
            </View>
          </View>
        </View>
      </View>
    </View>
  </View>
</View>
`;
