// Jest Snapshot v1, https://goo.gl/fbAQLP

exports[`ListingsScreen snapshot matches 1`] = `
<Screen
  style={
    Object {
      "backgroundColor": "#f8f4f4",
      "padding": 20,
    }
  }
>
  <FlatList
    data={
      Array [
        Object {
          "id": 0,
          "image": Object {
            "testUri": "../../../app/assets/jacket.jpg",
          },
          "price": 100,
          "title": "Red jacket for sale",
        },
        Object {
          "id": 1,
          "image": Object {
            "testUri": "../../../app/assets/couch.jpg",
          },
          "price": 100,
          "title": "Couch in great condition",
        },
      ]
    }
    disableVirtualization={false}
    horizontal={false}
    initialNumToRender={10}
    keyExtractor={[Function]}
    maxToRenderPerBatch={10}
    numColumns={1}
    onEndReachedThreshold={2}
    removeClippedSubviews={false}
    renderItem={[Function]}
    scrollEventThrottle={50}
    updateCellsBatchingPeriod={50}
    windowSize={21}
  />
</Screen>
`;
