// Jest Snapshot v1, https://goo.gl/fbAQLP

exports[`MessagesScreen snapshot matches 1`] = `
<RCTSafeAreaView
  emulateUnlessSupported={true}
  style={
    Array [
      Object {
        "flex": 1,
        "paddingTop": 0,
      },
      undefined,
    ]
  }
>
  <View
    style={
      Array [
        Object {
          "flex": 1,
        },
        undefined,
      ]
    }
  >
    <RCTScrollView
      ItemSeparatorComponent={[Function]}
      data={
        Array [
          Object {
            "description": "D1",
            "id": 0,
            "image": 1,
            "title": "T1",
          },
          Object {
            "description": "D2",
            "id": 1,
            "image": 1,
            "title": "T2",
          },
        ]
      }
      disableVirtualization={false}
      getItem={[Function]}
      getItemCount={[Function]}
      horizontal={false}
      initialNumToRender={10}
      keyExtractor={[Function]}
      maxToRenderPerBatch={10}
      onContentSizeChange={[Function]}
      onEndReachedThreshold={2}
      onLayout={[Function]}
      onMomentumScrollEnd={[Function]}
      onRefresh={[Function]}
      onScroll={[Function]}
      onScrollBeginDrag={[Function]}
      onScrollEndDrag={[Function]}
      refreshControl={
        <RefreshControlMock
          onRefresh={[Function]}
          refreshing={false}
        />
      }
      refreshing={false}
      removeClippedSubviews={false}
      renderItem={[Function]}
      scrollEventThrottle={50}
      stickyHeaderIndices={Array []}
      updateCellsBatchingPeriod={50}
      viewabilityConfigCallbackPairs={Array []}
      windowSize={21}
    >
      <RCTRefreshControl />
      <View>
        <View
          onLayout={[Function]}
          style={null}
        >
          <View
            renderRightActions={[Function]}
          >
            <View
              accessible={true}
              focusable={true}
              onClick={[Function]}
              onResponderGrant={[Function]}
              onResponderMove={[Function]}
              onResponderRelease={[Function]}
              onResponderTerminate={[Function]}
              onResponderTerminationRequest={[Function]}
              onStartShouldSetResponder={[Function]}
            >
              <View
                style={
                  Object {
                    "alignItems": "center",
                    "backgroundColor": "#fff",
                    "flexDirection": "row",
                    "padding": 15,
                  }
                }
              >
                <Image
                  source={1}
                  style={
                    Object {
                      "borderRadius": 35,
                      "height": 70,
                      "width": 70,
                    }
                  }
                />
                <View
                  style={
                    Object {
                      "flex": 1,
                      "justifyContent": "center",
                      "marginLeft": 10,
                    }
                  }
                >
                  <Text
                    numberOfLines={1}
                    style={
                      Array [
                        Object {
                          "color": "#0c0c0c",
                          "fontFamily": "Avenir",
                          "fontSize": 18,
                        },
                        Object {
                          "fontWeight": "bold",
                        },
                      ]
                    }
                  >
                    T1
                  </Text>
                  <Text
                    numberOfLines={2}
                    style={
                      Array [
                        Object {
                          "color": "#0c0c0c",
                          "fontFamily": "Avenir",
                          "fontSize": 18,
                        },
                        Object {
                          "color": "#6e6969",
                        },
                      ]
                    }
                  >
                    D1
                  </Text>
                </View>
              </View>
            </View>
          </View>
          <View
            style={
              Object {
                "backgroundColor": "#f8f4f4",
                "height": 1,
                "width": "100%",
              }
            }
          />
        </View>
        <View
          onLayout={[Function]}
          style={null}
        >
          <View
            renderRightActions={[Function]}
          >
            <View
              accessible={true}
              focusable={true}
              onClick={[Function]}
              onResponderGrant={[Function]}
              onResponderMove={[Function]}
              onResponderRelease={[Function]}
              onResponderTerminate={[Function]}
              onResponderTerminationRequest={[Function]}
              onStartShouldSetResponder={[Function]}
            >
              <View
                style={
                  Object {
                    "alignItems": "center",
                    "backgroundColor": "#fff",
                    "flexDirection": "row",
                    "padding": 15,
                  }
                }
              >
                <Image
                  source={1}
                  style={
                    Object {
                      "borderRadius": 35,
                      "height": 70,
                      "width": 70,
                    }
                  }
                />
                <View
                  style={
                    Object {
                      "flex": 1,
                      "justifyContent": "center",
                      "marginLeft": 10,
                    }
                  }
                >
                  <Text
                    numberOfLines={1}
                    style={
                      Array [
                        Object {
                          "color": "#0c0c0c",
                          "fontFamily": "Avenir",
                          "fontSize": 18,
                        },
                        Object {
                          "fontWeight": "bold",
                        },
                      ]
                    }
                  >
                    T2
                  </Text>
                  <Text
                    numberOfLines={2}
                    style={
                      Array [
                        Object {
                          "color": "#0c0c0c",
                          "fontFamily": "Avenir",
                          "fontSize": 18,
                        },
                        Object {
                          "color": "#6e6969",
                        },
                      ]
                    }
                  >
                    D2
                  </Text>
                </View>
              </View>
            </View>
          </View>
        </View>
      </View>
    </RCTScrollView>
  </View>
</RCTSafeAreaView>
`;
