// Jest Snapshot v1, https://goo.gl/fbAQLP

exports[`ViewImageScreen snapshot matches 1`] = `
<View
  style={
    Object {
      "backgroundColor": "#000",
      "flex": 1,
    }
  }
>
  <View
    style={
      Object {
        "left": 30,
        "position": "absolute",
        "top": 40,
      }
    }
  >
    <View
      color="white"
      name="close"
      size={30}
    />
  </View>
  <View
    style={
      Object {
        "position": "absolute",
        "right": 30,
        "top": 40,
      }
    }
  >
    <View
      color="white"
      name="trash-can-outline"
      size={35}
    />
  </View>
  <Image
    resizeMode="contain"
    source={1}
    style={
      Object {
        "height": "100%",
        "width": "100%",
      }
    }
  />
</View>
`;
