// Jest Snapshot v1, https://goo.gl/fbAQLP

exports[`WelcomeScreen matches snapshot 1`] = `
<ImageBackground
  blurRadius={10}
  source={
    Object {
      "testUri": "../../../app/assets/background.jpg",
    }
  }
  style={
    Object {
      "flex": 1,
      "justifyContent": "flex-end",
    }
  }
>
  <View
    style={
      Object {
        "alignItems": "center",
        "alignSelf": "center",
        "position": "absolute",
        "top": 70,
      }
    }
  >
    <Image
      source={
        Object {
          "testUri": "../../../app/assets/logo-red.png",
        }
      }
      style={
        Object {
          "height": 100,
          "width": 100,
        }
      }
    />
    <Text
      style={
        Object {
          "fontSize": 25,
          "fontWeight": "600",
          "paddingVertical": 20,
        }
      }
    >
      Sell What You Don't Need
    </Text>
  </View>
  <View
    style={
      Object {
        "padding": 20,
        "width": "100%",
      }
    }
  >
    <Button
      onPress={[Function]}
      title="Login"
    />
    <Button
      color="secondary"
      onPress={[Function]}
      title="Register"
    />
  </View>
</ImageBackground>
`;
