// Jest Snapshot v1, https://goo.gl/fbAQLP

exports[`AppPicker snapshot matches 1`] = `
<Fragment>
  <TouchableWithoutFeedback
    onPress={[Function]}
  >
    <View
      style={
        Array [
          Object {
            "alignItems": "center",
            "backgroundColor": "#f8f4f4",
            "borderRadius": 25,
            "flexDirection": "row",
            "marginVertical": 10,
            "padding": 15,
            "width": "100%",
          },
          Object {
            "width": "100%",
          },
        ]
      }
    >
      <AppText
        style={
          Object {
            "color": "#6e6969",
            "flex": 1,
          }
        }
      />
      <View
        color="#6e6969"
        name="chevron-down"
        size={20}
      />
    </View>
  </TouchableWithoutFeedback>
  <Modal
    animationType="slide"
    hardwareAccelerated={false}
    visible={false}
  >
    <Screen>
      <Button
        onPress={[Function]}
        title="Close"
      />
      <FlatList
        disableVirtualization={false}
        horizontal={false}
        initialNumToRender={10}
        keyExtractor={[Function]}
        maxToRenderPerBatch={10}
        numColumns={1}
        onEndReachedThreshold={2}
        removeClippedSubviews={false}
        renderItem={[Function]}
        scrollEventThrottle={50}
        updateCellsBatchingPeriod={50}
        windowSize={21}
      />
    </Screen>
  </Modal>
</Fragment>
`;
