// Jest Snapshot v1, https://goo.gl/fbAQLP

exports[`Button snapshot matches 1`] = `
<ForwardRef
  onPress={[Function]}
  style={
    Array [
      Object {
        "alignItems": "center",
        "backgroundColor": "#fc5c65",
        "borderRadius": 25,
        "justifyContent": "center",
        "marginVertical": 10,
        "padding": 15,
        "width": "100%",
      },
      Object {
        "backgroundColor": "#fc5c65",
      },
    ]
  }
>
  <Text
    style={
      Object {
        "color": "#fff",
        "fontSize": 18,
        "fontWeight": "bold",
        "textTransform": "uppercase",
      }
    }
  >
    test
  </Text>
</ForwardRef>
`;
