// Jest Snapshot v1, https://goo.gl/fbAQLP

exports[`Icon snapshot matches 1`] = `
<View
  style={
    Object {
      "alignItems": "center",
      "backgroundColor": "#000",
      "borderRadius": 20,
      "height": 40,
      "justifyContent": "center",
      "width": 40,
    }
  }
>
  <View
    color="#fff"
    name="test"
    size={20}
  />
</View>
`;
