// Jest Snapshot v1, https://goo.gl/fbAQLP

exports[`ImageInputList snapshot matches 1`] = `
<View>
  <ScrollView
    horizontal={true}
    onContentSizeChange={[Function]}
  >
    <View
      style={
        Object {
          "flexDirection": "row",
        }
      }
    >
      <ImageInput />
    </View>
  </ScrollView>
</View>
`;
