// Jest Snapshot v1, https://goo.gl/fbAQLP

exports[`ListItemDeleteAction snapshot matches 1`] = `
<TouchableWithoutFeedback>
  <View
    style={
      Object {
        "alignItems": "center",
        "backgroundColor": "#ff5252",
        "justifyContent": "center",
        "width": 70,
      }
    }
  >
    <View
      color="#fff"
      name="trash-can"
      size={35}
    />
  </View>
</TouchableWithoutFeedback>
`;
