// Jest Snapshot v1, https://goo.gl/fbAQLP

exports[`ListItem matches snapshot 1`] = `
<View>
  <ForwardRef
    underlayColor="#f8f4g4"
  >
    <View
      style={
        Object {
          "flexDirection": "row",
          "padding": 15,
        }
      }
    >
      <Image
        source={
          Object {
            "testUri": "../../../app/assets/jacket.jpg",
          }
        }
        style={
          Object {
            "borderRadius": 35,
            "height": 70,
            "marginRight": 10,
            "width": 70,
          }
        }
      />
      <View>
        <AppText
          style={
            Object {
              "fontWeight": "bold",
            }
          }
        >
          test-title
        </AppText>
        <AppText
          style={
            Object {
              "color": "#6e6969",
            }
          }
        >
          test-subtitle
        </AppText>
      </View>
    </View>
  </ForwardRef>
</View>
`;
